2025-06-20 16:14:00 | WARN | repo=pv243-a4m36jee-2018-security-seminar | action=commit
2025-01-07 17:43:00 | INFO | repo=pv243-a4m36jee-2018-security-seminar | action=commit
2025-09-23 17:35:00 | DEBUG | repo=pv243-a4m36jee-2018-security-seminar | action=test | passed=true
2025-09-21 19:34:00 | DEBUG | repo=pv243-a4m36jee-2018-security-seminar | action=commit
2025-02-02 10:31:00 | INFO | repo=pv243-a4m36jee-2018-security-seminar | action=commit
2025-02-01 07:02:00 | DEBUG | repo=pv243-a4m36jee-2018-security-seminar | action=commit
2025-07-04 17:02:00 | WARN | repo=pv243-a4m36jee-2018-security-seminar | action=commit
2025-06-04 21:07:00 | DEBUG | repo=pv243-a4m36jee-2018-security-seminar | action=commit
2025-07-08 18:16:00 | INFO | repo=pv243-a4m36jee-2018-security-seminar | action=commit
2025-11-08 08:48:00 | DEBUG | repo=pv243-a4m36jee-2018-security-seminar | action=commit
2025-01-05 13:43:00 | INFO | repo=pv243-a4m36jee-2018-security-seminar | action=commit
2025-08-05 18:11:00 | INFO | repo=pv243-a4m36jee-2018-security-seminar | action=pull
2025-03-03 07:30:00 | WARN | repo=pv243-a4m36jee-2018-security-seminar | action=commit
2025-06-04 08:55:00 | WARN | repo=pv243-a4m36jee-2018-security-seminar | action=pull
2025-09-10 14:36:00 | INFO | repo=pv243-a4m36jee-2018-security-seminar | action=commit
2025-07-02 18:17:00 | DEBUG | repo=pv243-a4m36jee-2018-security-seminar | action=commit
2025-09-14 15:57:00 | WARN | repo=pv243-a4m36jee-2018-security-seminar | action=commit
2025-03-14 14:36:00 | WARN | repo=pv243-a4m36jee-2018-security-seminar | action=pull
2025-09-02 19:20:00 | DEBUG | repo=pv243-a4m36jee-2018-security-seminar | action=commit
2025-04-24 14:23:00 | DEBUG | repo=pv243-a4m36jee-2018-security-seminar | action=commit
2025-02-01 16:15:00 | DEBUG | repo=pv243-a4m36jee-2018-security-seminar | action=commit
2025-06-07 07:12:00 | WARN | repo=pv243-a4m36jee-2018-security-seminar | action=test | passed=true
2025-12-03 19:28:00 | INFO | repo=pv243-a4m36jee-2018-security-seminar | action=commit
2025-04-06 18:23:00 | WARN | repo=pv243-a4m36jee-2018-security-seminar | action=commit
2025-09-10 11:46:00 | WARN | repo=pv243-a4m36jee-2018-security-seminar | action=commit
2025-11-26 09:50:00 | INFO | repo=pv243-a4m36jee-2018-security-seminar | action=commit
2025-07-09 10:14:00 | INFO | repo=pv243-a4m36jee-2018-security-seminar | action=commit
2025-03-08 13:15:00 | INFO | repo=pv243-a4m36jee-2018-security-seminar | action=commit
2025-04-05 18:32:00 | WARN | repo=pv243-a4m36jee-2018-security-seminar | action=commit
2025-04-09 15:10:00 | DEBUG | repo=pv243-a4m36jee-2018-security-seminar | action=commit
2025-05-26 21:46:00 | INFO | repo=pv243-a4m36jee-2018-security-seminar | action=commit
2025-12-13 08:00:00 | DEBUG | repo=pv243-a4m36jee-2018-security-seminar | action=commit
2025-10-18 16:18:00 | WARN | repo=pv243-a4m36jee-2018-security-seminar | action=commit
2025-11-24 08:51:00 | INFO | repo=pv243-a4m36jee-2018-security-seminar | action=commit
2025-10-15 07:17:00 | WARN | repo=pv243-a4m36jee-2018-security-seminar | action=commit
2025-05-02 07:07:00 | INFO | repo=pv243-a4m36jee-2018-security-seminar | action=commit
2025-10-19 11:10:00 | WARN | repo=pv243-a4m36jee-2018-security-seminar | action=pull
2025-01-12 08:08:00 | INFO | repo=pv243-a4m36jee-2018-security-seminar | action=commit
2025-03-16 09:40:00 | DEBUG | repo=pv243-a4m36jee-2018-security-seminar | action=commit
2025-11-22 09:05:00 | WARN | repo=pv243-a4m36jee-2018-security-seminar | action=commit
2025-05-25 16:43:00 | INFO | repo=pv243-a4m36jee-2018-security-seminar | action=commit
2025-02-17 14:50:00 | DEBUG | repo=pv243-a4m36jee-2018-security-seminar | action=commit
2025-09-03 19:55:00 | DEBUG | repo=pv243-a4m36jee-2018-security-seminar | action=commit
2025-01-20 20:22:00 | WARN | repo=pv243-a4m36jee-2018-security-seminar | action=commit
